// Jest Snapshot v1, https://goo.gl/fbAQLP

exports[`<Line /> should render correctly 1`] = `
<View
  style={
    Array [
      Object {
        "borderBottomColor": "#eee",
        "borderBottomWidth": 1,
      },
      undefined,
    ]
  }
/>
`;
